../Core/Src/main.c:54:6:Motor1	16	static
../Core/Src/main.c:69:6:Motor2	16	static
../Core/Src/main.c:85:6:goforward	8	static
../Core/Src/main.c:90:6:gobackward	8	static
../Core/Src/main.c:95:6:goleft	8	static
../Core/Src/main.c:100:6:goright	8	static
../Core/Src/main.c:105:6:sitstill	8	static
../Core/Src/main.c:129:5:main	16	static
../Core/Src/main.c:198:6:SystemClock_Config	88	static
../Core/Src/main.c:240:13:MX_TIM2_Init	64	static
../Core/Src/main.c:303:13:MX_UART4_Init	8	static
../Core/Src/main.c:336:13:MX_GPIO_Init	48	static
../Core/Src/main.c:369:6:Error_Handler	4	static,ignoring_inline_asm
